// Jest Snapshot v1, https://goo.gl/fbAQLP

exports[`HouseholdPageComponent should match snapshot 1`] = `
<app-household-page
  household$={[Function Store]}
  isLoading$={[Function Store]}
  isMobile$={[Function Store]}
  loggedUser$={[Function Store]}
  store={[Function MockStore]}
  unsubscribe={[Function Subject]}
  userId={[Function String]}
>
  <div
    class="app-basic-container"
  >
    <app-household-list
      ng-reflect-households="[object Object],[object Object"
      ng-reflect-is-loading="false"
      ng-reflect-is-mobile="false"
    >
      <div
        fxlayout="row"
        fxlayoutalign="start center"
        fxlayoutgap="10px"
      >
        <mat-form-field
          class="mat-form-field ng-tns-c7-0 mat-primary mat-form-field-type-mat-input mat-form-field-appearance-legacy mat-form-field-can-float mat-form-field-hide-placeholder _mat-animation-noopable"
          fxflex=""
        >
          <div
            class="mat-form-field-wrapper"
          >
            <div
              class="mat-form-field-flex"
            >
              
              
              <div
                class="mat-form-field-infix"
              >
                <input
                  aria-invalid="false"
                  aria-required="false"
                  class="mat-input-element mat-form-field-autofill-control cdk-text-field-autofill-monitored"
                  id="mat-input-1"
                  matinput=""
                  ng-reflect-placeholder="Filter"
                  placeholder="Filter"
                />
                <span
                  class="mat-form-field-label-wrapper"
                >
                  
                  <label
                    aria-owns="mat-input-1"
                    class="mat-form-field-label ng-tns-c7-0 mat-empty mat-form-field-empty ng-star-inserted"
                    for="mat-input-1"
                    id="mat-form-field-label-3"
                    ng-reflect-disabled="true"
                    ng-reflect-ng-switch="false"
                  >
                    
                    
                    Filter
                    
                    
                  </label>
                </span>
              </div>
              
            </div>
            
            <div
              class="mat-form-field-underline ng-tns-c7-0 ng-star-inserted"
            >
              <span
                class="mat-form-field-ripple"
              />
            </div>
            <div
              class="mat-form-field-subscript-wrapper"
              ng-reflect-ng-switch="hint"
            >
              
              
              <div
                class="mat-form-field-hint-wrapper ng-tns-c7-0 ng-trigger ng-trigger-transitionMessages ng-star-inserted"
                style="opacity:1;transform:translateY(0%);0:opacity;1:transform;"
              >
                
                <div
                  class="mat-form-field-hint-spacer"
                />
              </div>
            </div>
          </div>
        </mat-form-field>
        <button
          class="mat-icon-button _mat-animation-noopable"
          id="household-btn-add"
          mat-icon-button=""
        >
          <span
            class="mat-button-wrapper"
          >
            <mat-icon
              aria-hidden="true"
              class="mat-icon material-icons"
              role="img"
            >
              add
            </mat-icon>
          </span>
          <div
            class="mat-button-ripple mat-ripple mat-button-ripple-round"
            matripple=""
            ng-reflect-centered="true"
            ng-reflect-disabled="false"
            ng-reflect-trigger="[object HTMLButtonElement]"
          />
          <div
            class="mat-button-focus-overlay"
          />
        </button>
      </div>
      <mat-table
        class="mat-elevation-z8 mat-table"
        matsort=""
        ng-reflect-data-source="[object Object]"
        role="grid"
      >
        
        <mat-header-row
          class="mat-header-row ng-star-inserted"
          ng-reflect-ng-class="[object Object]"
          role="row"
        >
          
          <mat-header-cell
            class="mat-header-cell ng-tns-c11-1 cdk-column-name mat-column-name ng-star-inserted"
            mat-sort-header=""
            ng-reflect-id=""
            role="columnheader"
          >
            <div
              class="mat-sort-header-container"
            >
              <button
                aria-label="Change sorting for name"
                class="mat-sort-header-button"
                type="button"
              >
                 Name 
              </button>
              <div
                class="mat-sort-header-arrow ng-trigger ng-trigger-arrowPosition"
                style="transform:translateY(25%);opacity:0;0:transform;1:opacity;"
              >
                <div
                  class="mat-sort-header-stem"
                />
                <div
                  class="mat-sort-header-indicator ng-trigger ng-trigger-indicator"
                  style="transform:translateY(0px);0:transform;"
                >
                  <div
                    class="mat-sort-header-pointer-left ng-trigger ng-trigger-leftPointer"
                    style="transform:rotate(-45deg);0:transform;"
                  />
                  <div
                    class="mat-sort-header-pointer-right ng-trigger ng-trigger-rightPointer"
                    style="transform:rotate(45deg);0:transform;"
                  />
                  <div
                    class="mat-sort-header-pointer-middle"
                  />
                </div>
              </div>
            </div>
          </mat-header-cell>
          <mat-header-cell
            class="mat-header-cell ng-tns-c11-2 cdk-column-symbol mat-column-symbol ng-star-inserted"
            mat-sort-header=""
            ng-reflect-id=""
            role="columnheader"
          >
            <div
              class="mat-sort-header-container"
            >
              <button
                aria-label="Change sorting for symbol"
                class="mat-sort-header-button"
                type="button"
              >
                 Symbol 
              </button>
              <div
                class="mat-sort-header-arrow ng-trigger ng-trigger-arrowPosition"
                style="transform:translateY(25%);opacity:0;0:transform;1:opacity;"
              >
                <div
                  class="mat-sort-header-stem"
                />
                <div
                  class="mat-sort-header-indicator ng-trigger ng-trigger-indicator"
                  style="transform:translateY(0px);0:transform;"
                >
                  <div
                    class="mat-sort-header-pointer-left ng-trigger ng-trigger-leftPointer"
                    style="transform:rotate(-45deg);0:transform;"
                  />
                  <div
                    class="mat-sort-header-pointer-right ng-trigger ng-trigger-rightPointer"
                    style="transform:rotate(45deg);0:transform;"
                  />
                  <div
                    class="mat-sort-header-pointer-middle"
                  />
                </div>
              </div>
            </div>
          </mat-header-cell>
          <mat-header-cell
            class="mat-header-cell ng-tns-c11-3 cdk-column-description mat-column-description ng-star-inserted"
            mat-sort-header=""
            ng-reflect-id=""
            role="columnheader"
          >
            <div
              class="mat-sort-header-container"
            >
              <button
                aria-label="Change sorting for description"
                class="mat-sort-header-button"
                type="button"
              >
                 Description 
              </button>
              <div
                class="mat-sort-header-arrow ng-trigger ng-trigger-arrowPosition"
                style="transform:translateY(25%);opacity:0;0:transform;1:opacity;"
              >
                <div
                  class="mat-sort-header-stem"
                />
                <div
                  class="mat-sort-header-indicator ng-trigger ng-trigger-indicator"
                  style="transform:translateY(0px);0:transform;"
                >
                  <div
                    class="mat-sort-header-pointer-left ng-trigger ng-trigger-leftPointer"
                    style="transform:rotate(-45deg);0:transform;"
                  />
                  <div
                    class="mat-sort-header-pointer-right ng-trigger ng-trigger-rightPointer"
                    style="transform:rotate(45deg);0:transform;"
                  />
                  <div
                    class="mat-sort-header-pointer-middle"
                  />
                </div>
              </div>
            </div>
          </mat-header-cell>
          <mat-header-cell
            class="mat-header-cell cdk-column-actions mat-column-actions ng-star-inserted"
            role="columnheader"
          >
             Actions 
          </mat-header-cell>
        </mat-header-row>
        
        <mat-row
          class="mat-row ng-star-inserted"
          ng-reflect-ng-class="[object Object]"
          role="row"
        >
          
          <mat-cell
            class="mat-cell cdk-column-name mat-column-name ng-star-inserted"
            ng-reflect-ng-class="[object Object]"
            role="gridcell"
          >
            <span
              class="app-table-mobile-label app-none"
              ng-reflect-klass="app-table-mobile-label"
              ng-reflect-ng-class="[object Object]"
            >
              Name:
            </span>
             Household1 Name 
          </mat-cell>
          <mat-cell
            class="mat-cell cdk-column-symbol mat-column-symbol ng-star-inserted"
            ng-reflect-ng-class="[object Object]"
            role="gridcell"
          >
            <span
              class="app-table-mobile-label app-none"
              ng-reflect-klass="app-table-mobile-label"
              ng-reflect-ng-class="[object Object]"
            >
              Symbol:
            </span>
             Household1 symbol 
          </mat-cell>
          <mat-cell
            class="mat-cell cdk-column-description mat-column-description ng-star-inserted"
            ng-reflect-ng-class="[object Object]"
            role="gridcell"
          >
            <span
              class="app-table-mobile-label app-none"
              ng-reflect-klass="app-table-mobile-label"
              ng-reflect-ng-class="[object Object]"
            >
              Description:
            </span>
             Household1 description 
          </mat-cell>
          <mat-cell
            class="mat-cell cdk-column-actions mat-column-actions ng-star-inserted"
            fxlayout="row"
            fxlayoutgap="20px"
            role="gridcell"
          >
            <button
              class="mat-raised-button _mat-animation-noopable"
              mat-raised-button=""
            >
              <span
                class="mat-button-wrapper"
              >
                Edit
              </span>
              <div
                class="mat-button-ripple mat-ripple"
                matripple=""
                ng-reflect-centered="false"
                ng-reflect-disabled="false"
                ng-reflect-trigger="[object HTMLButtonElement]"
              />
              <div
                class="mat-button-focus-overlay"
              />
            </button>
            <button
              class="mat-raised-button mat-warn _mat-animation-noopable"
              color="warn"
              mat-raised-button=""
              ng-reflect-color="warn"
            >
              <span
                class="mat-button-wrapper"
              >
                Remove
              </span>
              <div
                class="mat-button-ripple mat-ripple"
                matripple=""
                ng-reflect-centered="false"
                ng-reflect-disabled="false"
                ng-reflect-trigger="[object HTMLButtonElement]"
              />
              <div
                class="mat-button-focus-overlay"
              />
            </button>
          </mat-cell>
        </mat-row>
        <mat-row
          class="mat-row ng-star-inserted"
          ng-reflect-ng-class="[object Object]"
          role="row"
        >
          
          <mat-cell
            class="mat-cell cdk-column-name mat-column-name ng-star-inserted"
            ng-reflect-ng-class="[object Object]"
            role="gridcell"
          >
            <span
              class="app-table-mobile-label app-none"
              ng-reflect-klass="app-table-mobile-label"
              ng-reflect-ng-class="[object Object]"
            >
              Name:
            </span>
             Household2 Name 
          </mat-cell>
          <mat-cell
            class="mat-cell cdk-column-symbol mat-column-symbol ng-star-inserted"
            ng-reflect-ng-class="[object Object]"
            role="gridcell"
          >
            <span
              class="app-table-mobile-label app-none"
              ng-reflect-klass="app-table-mobile-label"
              ng-reflect-ng-class="[object Object]"
            >
              Symbol:
            </span>
             Household2 symbol 
          </mat-cell>
          <mat-cell
            class="mat-cell cdk-column-description mat-column-description ng-star-inserted"
            ng-reflect-ng-class="[object Object]"
            role="gridcell"
          >
            <span
              class="app-table-mobile-label app-none"
              ng-reflect-klass="app-table-mobile-label"
              ng-reflect-ng-class="[object Object]"
            >
              Description:
            </span>
             Household2 description 
          </mat-cell>
          <mat-cell
            class="mat-cell cdk-column-actions mat-column-actions ng-star-inserted"
            fxlayout="row"
            fxlayoutgap="20px"
            role="gridcell"
          >
            <button
              class="mat-raised-button _mat-animation-noopable"
              mat-raised-button=""
            >
              <span
                class="mat-button-wrapper"
              >
                Edit
              </span>
              <div
                class="mat-button-ripple mat-ripple"
                matripple=""
                ng-reflect-centered="false"
                ng-reflect-disabled="false"
                ng-reflect-trigger="[object HTMLButtonElement]"
              />
              <div
                class="mat-button-focus-overlay"
              />
            </button>
            <button
              class="mat-raised-button mat-warn _mat-animation-noopable"
              color="warn"
              mat-raised-button=""
              ng-reflect-color="warn"
            >
              <span
                class="mat-button-wrapper"
              >
                Remove
              </span>
              <div
                class="mat-button-ripple mat-ripple"
                matripple=""
                ng-reflect-centered="false"
                ng-reflect-disabled="false"
                ng-reflect-trigger="[object HTMLButtonElement]"
              />
              <div
                class="mat-button-focus-overlay"
              />
            </button>
          </mat-cell>
        </mat-row>
        <mat-row
          class="mat-row ng-star-inserted"
          ng-reflect-ng-class="[object Object]"
          role="row"
        >
          
          <mat-cell
            class="mat-cell cdk-column-name mat-column-name ng-star-inserted"
            ng-reflect-ng-class="[object Object]"
            role="gridcell"
          >
            <span
              class="app-table-mobile-label app-none"
              ng-reflect-klass="app-table-mobile-label"
              ng-reflect-ng-class="[object Object]"
            >
              Name:
            </span>
             Household3 Name 
          </mat-cell>
          <mat-cell
            class="mat-cell cdk-column-symbol mat-column-symbol ng-star-inserted"
            ng-reflect-ng-class="[object Object]"
            role="gridcell"
          >
            <span
              class="app-table-mobile-label app-none"
              ng-reflect-klass="app-table-mobile-label"
              ng-reflect-ng-class="[object Object]"
            >
              Symbol:
            </span>
             Household3 symbol 
          </mat-cell>
          <mat-cell
            class="mat-cell cdk-column-description mat-column-description ng-star-inserted"
            ng-reflect-ng-class="[object Object]"
            role="gridcell"
          >
            <span
              class="app-table-mobile-label app-none"
              ng-reflect-klass="app-table-mobile-label"
              ng-reflect-ng-class="[object Object]"
            >
              Description:
            </span>
             Household3 description 
          </mat-cell>
          <mat-cell
            class="mat-cell cdk-column-actions mat-column-actions ng-star-inserted"
            fxlayout="row"
            fxlayoutgap="20px"
            role="gridcell"
          >
            <button
              class="mat-raised-button _mat-animation-noopable"
              mat-raised-button=""
            >
              <span
                class="mat-button-wrapper"
              >
                Edit
              </span>
              <div
                class="mat-button-ripple mat-ripple"
                matripple=""
                ng-reflect-centered="false"
                ng-reflect-disabled="false"
                ng-reflect-trigger="[object HTMLButtonElement]"
              />
              <div
                class="mat-button-focus-overlay"
              />
            </button>
            <button
              class="mat-raised-button mat-warn _mat-animation-noopable"
              color="warn"
              mat-raised-button=""
              ng-reflect-color="warn"
            >
              <span
                class="mat-button-wrapper"
              >
                Remove
              </span>
              <div
                class="mat-button-ripple mat-ripple"
                matripple=""
                ng-reflect-centered="false"
                ng-reflect-disabled="false"
                ng-reflect-trigger="[object HTMLButtonElement]"
              />
              <div
                class="mat-button-focus-overlay"
              />
            </button>
          </mat-cell>
        </mat-row>
        
      </mat-table>
      
    </app-household-list>
  </div>
</app-household-page>
`;
