// Jest Snapshot v1, https://goo.gl/fbAQLP

exports[`HouseholdTilesComponent should match snapshot when with households 1`] = `
<app-household-tiles
  edit={[Function EventEmitter]}
  filterChanged={[Function EventEmitter]}
  households={[Function Array]}
  isLoading="false"
  itemCount={[Function Number]}
  pageIndex={[Function Number]}
  remove={[Function EventEmitter]}
>
  <div
    fxlayout="column"
  >
    
    <div
      fxlayout="column"
      fxlayoutalign="flex-start"
      fxlayoutgap="1em"
    >
      
      <button
        class="mat-stroked-button mat-primary _mat-animation-noopable"
        color="primary"
        mat-stroked-button=""
        ng-reflect-color="primary"
      >
        <span
          class="mat-button-wrapper"
        >
          Load More
        </span>
        <div
          class="mat-button-ripple mat-ripple"
          matripple=""
          ng-reflect-centered="false"
          ng-reflect-disabled="false"
          ng-reflect-trigger="[object HTMLButtonElement]"
        />
        <div
          class="mat-button-focus-overlay"
        />
      </button>
    </div>
  </div>
</app-household-tiles>
`;
