// Jest Snapshot v1, https://goo.gl/fbAQLP

exports[`HouseholdDialogComponent should should match snapshot if address invalid 1`] = `
<app-household-dialog
  data={[Function Object]}
  dialogRef={[Function Object]}
  form={[Function FormGroup]}
>
  <h1
    class="mat-dialog-title"
    id="mat-dialog-title-1"
    mat-dialog-title=""
  >
    Create Household
  </h1><form
    class="ng-pristine ng-touched ng-invalid"
    ng-reflect-form="[object Object]"
    novalidate=""
  >
    <mat-dialog-content
      class="mat-dialog-content"
      fxlayout="column"
    >
      <div
        fxlayout="row"
        fxlayout.lt-md="column"
        fxlayoutgap="20px"
        fxlayoutgap.lt-md="0px"
      >
        <mat-form-field
          class="mat-form-field ng-tns-c4-0 mat-accent mat-form-field-type-mat-input mat-form-field-appearance-legacy mat-form-field-can-float mat-form-field-should-float mat-form-field-hide-placeholder ng-untouched ng-pristine ng-valid _mat-animation-noopable"
          color="accent"
          fxflex=""
          ng-reflect-color="accent"
        >
          <div
            class="mat-form-field-wrapper"
          >
            <div
              class="mat-form-field-flex"
            >
              
              
              <div
                class="mat-form-field-infix"
              >
                <input
                  aria-invalid="false"
                  aria-required="false"
                  class="form-control mat-input-element mat-form-field-autofill-control cdk-text-field-autofill-monitored ng-untouched ng-pristine ng-valid"
                  id="mat-input-7"
                  matinput=""
                  ng-reflect-form="[object Object]"
                  ng-reflect-placeholder="*Name"
                  placeholder="*Name"
                />
                <span
                  class="mat-form-field-label-wrapper"
                >
                  
                  <label
                    aria-owns="mat-input-7"
                    class="mat-form-field-label ng-tns-c4-0 mat-accent ng-star-inserted"
                    for="mat-input-7"
                    id="mat-form-field-label-15"
                    ng-reflect-disabled="true"
                    ng-reflect-ng-switch="false"
                  >
                    
                    
                    *Name
                    
                    
                  </label>
                </span>
              </div>
              
            </div>
            
            <div
              class="mat-form-field-underline ng-tns-c4-0 ng-star-inserted"
            >
              <span
                class="mat-form-field-ripple mat-accent"
              />
            </div>
            <div
              class="mat-form-field-subscript-wrapper"
              ng-reflect-ng-switch="hint"
            >
              
              
              <div
                class="mat-form-field-hint-wrapper ng-tns-c4-0 ng-trigger ng-trigger-transitionMessages ng-star-inserted"
                style="opacity:1;transform:translateY(0%);0:opacity;1:transform;"
              >
                
                <div
                  class="mat-form-field-hint-spacer"
                />
              </div>
            </div>
          </div>
        </mat-form-field>
        <mat-form-field
          class="mat-form-field ng-tns-c4-1 mat-accent mat-form-field-type-mat-input mat-form-field-appearance-legacy mat-form-field-can-float mat-form-field-should-float mat-form-field-hide-placeholder ng-untouched ng-pristine ng-valid _mat-animation-noopable"
          color="accent"
          fxflex=""
          ng-reflect-color="accent"
        >
          <div
            class="mat-form-field-wrapper"
          >
            <div
              class="mat-form-field-flex"
            >
              
              
              <div
                class="mat-form-field-infix"
              >
                <input
                  aria-invalid="false"
                  aria-required="false"
                  class="form-control mat-input-element mat-form-field-autofill-control cdk-text-field-autofill-monitored ng-untouched ng-pristine ng-valid"
                  id="mat-input-8"
                  matinput=""
                  ng-reflect-form="[object Object]"
                  ng-reflect-placeholder="Symbol"
                  placeholder="Symbol"
                />
                <span
                  class="mat-form-field-label-wrapper"
                >
                  
                  <label
                    aria-owns="mat-input-8"
                    class="mat-form-field-label ng-tns-c4-1 mat-accent ng-star-inserted"
                    for="mat-input-8"
                    id="mat-form-field-label-17"
                    ng-reflect-disabled="true"
                    ng-reflect-ng-switch="false"
                  >
                    
                    
                    Symbol
                    
                    
                  </label>
                </span>
              </div>
              
            </div>
            
            <div
              class="mat-form-field-underline ng-tns-c4-1 ng-star-inserted"
            >
              <span
                class="mat-form-field-ripple mat-accent"
              />
            </div>
            <div
              class="mat-form-field-subscript-wrapper"
              ng-reflect-ng-switch="hint"
            >
              
              
              <div
                class="mat-form-field-hint-wrapper ng-tns-c4-1 ng-trigger ng-trigger-transitionMessages ng-star-inserted"
                style="opacity:1;transform:translateY(0%);0:opacity;1:transform;"
              >
                
                <div
                  class="mat-form-field-hint-spacer"
                />
              </div>
            </div>
          </div>
        </mat-form-field>
      </div>
      <mat-form-field
        class="mat-form-field ng-tns-c4-2 mat-accent mat-form-field-type-mat-input mat-form-field-appearance-legacy mat-form-field-can-float mat-form-field-should-float mat-form-field-hide-placeholder ng-untouched ng-pristine ng-valid _mat-animation-noopable"
        color="accent"
        fxflex=""
        ng-reflect-color="accent"
      >
        <div
          class="mat-form-field-wrapper"
        >
          <div
            class="mat-form-field-flex"
          >
            
            
            <div
              class="mat-form-field-infix"
            >
              <textarea
                aria-invalid="false"
                aria-required="false"
                class="form-control mat-input-element mat-form-field-autofill-control cdk-text-field-autofill-monitored ng-untouched ng-pristine ng-valid"
                id="mat-input-9"
                matinput=""
                ng-reflect-form="[object Object]"
                ng-reflect-placeholder="Description"
                placeholder="Description"
              />
              <span
                class="mat-form-field-label-wrapper"
              >
                
                <label
                  aria-owns="mat-input-9"
                  class="mat-form-field-label ng-tns-c4-2 mat-accent ng-star-inserted"
                  for="mat-input-9"
                  id="mat-form-field-label-19"
                  ng-reflect-disabled="true"
                  ng-reflect-ng-switch="false"
                >
                  
                  
                  Description
                  
                  
                </label>
              </span>
            </div>
            
          </div>
          
          <div
            class="mat-form-field-underline ng-tns-c4-2 ng-star-inserted"
          >
            <span
              class="mat-form-field-ripple mat-accent"
            />
          </div>
          <div
            class="mat-form-field-subscript-wrapper"
            ng-reflect-ng-switch="hint"
          >
            
            
            <div
              class="mat-form-field-hint-wrapper ng-tns-c4-2 ng-trigger ng-trigger-transitionMessages ng-star-inserted"
              style="opacity:1;transform:translateY(0%);0:opacity;1:transform;"
            >
              
              <div
                class="mat-form-field-hint-spacer"
              />
            </div>
          </div>
        </div>
      </mat-form-field>
      
      <mat-error
        class="mat-error ng-star-inserted"
        id="mat-error-0"
        role="alert"
      >
        Please fill address correctly
      </mat-error>
      <mat-expansion-panel
        class="mat-expansion-panel ng-tns-c5-3 _mat-animation-noopable"
      >
        <mat-expansion-panel-header
          aria-controls="cdk-accordion-child-1"
          aria-disabled="false"
          aria-expanded="false"
          class="mat-expansion-panel-header ng-tns-c6-4 ng-trigger ng-trigger-expansionHeight ng-star-inserted"
          id="mat-expansion-panel-header-1"
          role="button"
          style="height:48px;0:height;"
          tabindex="0"
        >
          <span
            class="mat-content"
          >
            <mat-panel-title
              class="mat-expansion-panel-header-title"
            >
              Address
            </mat-panel-title>
            <mat-panel-description
              class="mat-expansion-panel-header-description"
            >
              Fill company main address
            </mat-panel-description>
          </span>
          
          <span
            class="mat-expansion-indicator ng-tns-c6-4 ng-trigger ng-trigger-indicatorRotate ng-star-inserted"
            style="transform:rotate(0deg);0:transform;"
          />
        </mat-expansion-panel-header>
        <div
          aria-labelledby="mat-expansion-panel-header-1"
          class="mat-expansion-panel-content ng-trigger ng-trigger-bodyExpansion"
          id="cdk-accordion-child-1"
          role="region"
          style="height:0px;visibility:hidden;0:height;1:visibility;"
        >
          <div
            class="mat-expansion-panel-body"
          >
            <div
              fxlayout="column"
            >
              <mat-form-field
                class="mat-form-field ng-tns-c4-5 mat-primary mat-form-field-type-mat-input mat-form-field-appearance-legacy mat-form-field-can-float mat-form-field-hide-placeholder ng-untouched ng-pristine _mat-animation-noopable ng-invalid"
                fxflex=""
              >
                <div
                  class="mat-form-field-wrapper"
                >
                  <div
                    class="mat-form-field-flex"
                  >
                    
                    
                    <div
                      class="mat-form-field-infix"
                    >
                      <input
                        aria-invalid="false"
                        aria-required="false"
                        class="form-control mat-input-element mat-form-field-autofill-control cdk-text-field-autofill-monitored ng-untouched ng-pristine ng-invalid"
                        id="mat-input-10"
                        matinput=""
                        ng-reflect-form="[object Object]"
                        ng-reflect-placeholder="*Street"
                        placeholder="*Street"
                      />
                      <span
                        class="mat-form-field-label-wrapper"
                      >
                        
                        <label
                          aria-owns="mat-input-10"
                          class="mat-form-field-label ng-tns-c4-5 ng-star-inserted mat-empty mat-form-field-empty"
                          for="mat-input-10"
                          id="mat-form-field-label-21"
                          ng-reflect-disabled="true"
                          ng-reflect-ng-switch="false"
                          style=""
                        >
                          
                          
                          *Street
                          
                          
                        </label>
                      </span>
                    </div>
                    
                  </div>
                  
                  <div
                    class="mat-form-field-underline ng-tns-c4-5 ng-star-inserted"
                    style=""
                  >
                    <span
                      class="mat-form-field-ripple"
                    />
                  </div>
                  <div
                    class="mat-form-field-subscript-wrapper"
                    ng-reflect-ng-switch="hint"
                  >
                    
                    
                    <div
                      class="mat-form-field-hint-wrapper ng-tns-c4-5 ng-trigger ng-trigger-transitionMessages ng-star-inserted"
                      style="opacity:1;transform:translateY(0%);0:opacity;1:transform;"
                    >
                      
                      <div
                        class="mat-form-field-hint-spacer"
                      />
                    </div>
                  </div>
                </div>
              </mat-form-field>
              <div
                fxlayout="row"
                fxlayout.lt-md="column"
                fxlayoutgap="20px"
                fxlayoutgap.lt-md="0px"
              >
                <mat-form-field
                  class="mat-form-field ng-tns-c4-6 mat-primary mat-form-field-type-mat-input mat-form-field-appearance-legacy mat-form-field-can-float mat-form-field-should-float mat-form-field-hide-placeholder ng-untouched ng-pristine ng-valid _mat-animation-noopable"
                  fxflex=""
                >
                  <div
                    class="mat-form-field-wrapper"
                  >
                    <div
                      class="mat-form-field-flex"
                    >
                      
                      
                      <div
                        class="mat-form-field-infix"
                      >
                        <input
                          aria-invalid="false"
                          aria-required="false"
                          class="form-control mat-input-element mat-form-field-autofill-control cdk-text-field-autofill-monitored ng-untouched ng-pristine ng-valid"
                          id="mat-input-11"
                          matinput=""
                          ng-reflect-form="[object Object]"
                          ng-reflect-placeholder="*Zip code"
                          placeholder="*Zip code"
                        />
                        <span
                          class="mat-form-field-label-wrapper"
                        >
                          
                          <label
                            aria-owns="mat-input-11"
                            class="mat-form-field-label ng-tns-c4-6 ng-star-inserted"
                            for="mat-input-11"
                            id="mat-form-field-label-23"
                            ng-reflect-disabled="true"
                            ng-reflect-ng-switch="false"
                            style=""
                          >
                            
                            
                            *Zip code
                            
                            
                          </label>
                        </span>
                      </div>
                      
                    </div>
                    
                    <div
                      class="mat-form-field-underline ng-tns-c4-6 ng-star-inserted"
                      style=""
                    >
                      <span
                        class="mat-form-field-ripple"
                      />
                    </div>
                    <div
                      class="mat-form-field-subscript-wrapper"
                      ng-reflect-ng-switch="hint"
                    >
                      
                      
                      <div
                        class="mat-form-field-hint-wrapper ng-tns-c4-6 ng-trigger ng-trigger-transitionMessages ng-star-inserted"
                        style="opacity:1;transform:translateY(0%);0:opacity;1:transform;"
                      >
                        
                        <div
                          class="mat-form-field-hint-spacer"
                        />
                      </div>
                    </div>
                  </div>
                </mat-form-field>
                <mat-form-field
                  class="mat-form-field ng-tns-c4-7 mat-primary mat-form-field-type-mat-input mat-form-field-appearance-legacy mat-form-field-can-float mat-form-field-hide-placeholder ng-pristine _mat-animation-noopable mat-form-field-invalid ng-touched ng-invalid"
                  fxflex=""
                >
                  <div
                    class="mat-form-field-wrapper"
                  >
                    <div
                      class="mat-form-field-flex"
                    >
                      
                      
                      <div
                        class="mat-form-field-infix"
                      >
                        <input
                          aria-invalid="true"
                          aria-required="false"
                          class="form-control mat-input-element mat-form-field-autofill-control cdk-text-field-autofill-monitored ng-pristine ng-touched ng-invalid"
                          id="mat-input-12"
                          matinput=""
                          ng-reflect-form="[object Object]"
                          ng-reflect-placeholder="*City"
                          placeholder="*City"
                        />
                        <span
                          class="mat-form-field-label-wrapper"
                        >
                          
                          <label
                            aria-owns="mat-input-12"
                            class="mat-form-field-label ng-tns-c4-7 ng-star-inserted mat-empty mat-form-field-empty"
                            for="mat-input-12"
                            id="mat-form-field-label-25"
                            ng-reflect-disabled="true"
                            ng-reflect-ng-switch="false"
                            style=""
                          >
                            
                            
                            *City
                            
                            
                          </label>
                        </span>
                      </div>
                      
                    </div>
                    
                    <div
                      class="mat-form-field-underline ng-tns-c4-7 ng-star-inserted"
                      style=""
                    >
                      <span
                        class="mat-form-field-ripple"
                      />
                    </div>
                    <div
                      class="mat-form-field-subscript-wrapper"
                      ng-reflect-ng-switch="hint"
                    >
                      
                      
                      <div
                        class="mat-form-field-hint-wrapper ng-tns-c4-7 ng-trigger ng-trigger-transitionMessages ng-star-inserted"
                        style="opacity:1;transform:translateY(0%);0:opacity;1:transform;"
                      >
                        
                        <div
                          class="mat-form-field-hint-spacer"
                        />
                      </div>
                    </div>
                  </div>
                </mat-form-field>
              </div>
              <mat-form-field
                class="mat-form-field ng-tns-c4-8 mat-primary mat-form-field-type-mat-input mat-form-field-appearance-legacy mat-form-field-can-float mat-form-field-should-float mat-form-field-hide-placeholder ng-untouched ng-pristine ng-valid _mat-animation-noopable"
                fxflex=""
              >
                <div
                  class="mat-form-field-wrapper"
                >
                  <div
                    class="mat-form-field-flex"
                  >
                    
                    
                    <div
                      class="mat-form-field-infix"
                    >
                      <input
                        aria-invalid="false"
                        aria-required="false"
                        class="form-control mat-input-element mat-form-field-autofill-control cdk-text-field-autofill-monitored ng-untouched ng-pristine ng-valid"
                        id="mat-input-13"
                        matinput=""
                        ng-reflect-form="[object Object]"
                        ng-reflect-placeholder="*Country"
                        placeholder="*Country"
                      />
                      <span
                        class="mat-form-field-label-wrapper"
                      >
                        
                        <label
                          aria-owns="mat-input-13"
                          class="mat-form-field-label ng-tns-c4-8 ng-star-inserted"
                          for="mat-input-13"
                          id="mat-form-field-label-27"
                          ng-reflect-disabled="true"
                          ng-reflect-ng-switch="false"
                          style=""
                        >
                          
                          
                          *Country
                          
                          
                        </label>
                      </span>
                    </div>
                    
                  </div>
                  
                  <div
                    class="mat-form-field-underline ng-tns-c4-8 ng-star-inserted"
                    style=""
                  >
                    <span
                      class="mat-form-field-ripple"
                    />
                  </div>
                  <div
                    class="mat-form-field-subscript-wrapper"
                    ng-reflect-ng-switch="hint"
                  >
                    
                    
                    <div
                      class="mat-form-field-hint-wrapper ng-tns-c4-8 ng-trigger ng-trigger-transitionMessages ng-star-inserted"
                      style="opacity:1;transform:translateY(0%);0:opacity;1:transform;"
                    >
                      
                      <div
                        class="mat-form-field-hint-spacer"
                      />
                    </div>
                  </div>
                </div>
              </mat-form-field>
            </div>
            
          </div>
        </div>
      </mat-expansion-panel>
    </mat-dialog-content>
    <div
      class="mat-dialog-actions"
      mat-dialog-actions=""
    >
      <button
        cdkfocusinitial=""
        class="mat-button _mat-animation-noopable"
        mat-button=""
      >
        <span
          class="mat-button-wrapper"
        >
          Cancel
        </span>
        <div
          class="mat-button-ripple mat-ripple"
          matripple=""
          ng-reflect-centered="false"
          ng-reflect-disabled="false"
          ng-reflect-trigger="[object HTMLButtonElement]"
        />
        <div
          class="mat-button-focus-overlay"
        />
      </button>
      <button
        aria-label="Close dialog"
        class="mat-button _mat-animation-noopable"
        disabled=""
        mat-button=""
        ng-reflect-dialog-result="[object Object]"
        ng-reflect-disabled="true"
        type="button"
      >
        <span
          class="mat-button-wrapper"
        >
          Ok
        </span>
        <div
          class="mat-button-ripple mat-ripple"
          matripple=""
          ng-reflect-centered="false"
          ng-reflect-disabled="true"
          ng-reflect-trigger="[object HTMLButtonElement]"
        />
        <div
          class="mat-button-focus-overlay"
        />
      </button>
    </div>
  </form>
</app-household-dialog>
`;
